egor@acer:~/OTUS/LVM_hw3$ vagrant ssh
[vagrant@lvm ~]$ lsblk
NAME                    MAJ:MIN RM  SIZE RO TYPE MOUNTPOINT
sda                       8:0    0   40G  0 disk 
├─sda1                    8:1    0    1M  0 part 
├─sda2                    8:2    0    1G  0 part /boot
└─sda3                    8:3    0   39G  0 part 
  ├─VolGroup00-LogVol00 253:0    0 37.5G  0 lvm  /
  └─VolGroup00-LogVol01 253:1    0  1.5G  0 lvm  [SWAP]
sdb                       8:16   0   10G  0 disk 
sdc                       8:32   0    2G  0 disk 
sdd                       8:48   0    1G  0 disk 
sde                       8:64   0    1G  0 disk 
[vagrant@lvm ~]$ lvmdiskscan
  WARNING: Running as a non-root user. Functionality may be unavailable.
  /run/lvm/lvmetad.socket: access failed: Permission denied
  WARNING: Failed to connect to lvmetad. Falling back to device scanning.
  /dev/mapper/control: open failed: Permission denied
  Failure to communicate with kernel device-mapper driver.
  Incompatible libdevmapper 1.02.146-RHEL7 (2018-01-22) and kernel driver (unknown version).
  0 disks
  0 partitions
  0 LVM physical volume whole disks
  0 LVM physical volumes
[vagrant@lvm ~]$ sudu su
-bash: sudu: command not found
[vagrant@lvm ~]$ sudo su
[root@lvm vagrant]# lvmdiskscan
  /dev/VolGroup00/LogVol00 [     <37.47 GiB] 
  /dev/VolGroup00/LogVol01 [       1.50 GiB] 
  /dev/sda2                [       1.00 GiB] 
  /dev/sda3                [     <39.00 GiB] LVM physical volume
  /dev/sdb                 [      10.00 GiB] 
  /dev/sdc                 [       2.00 GiB] 
  /dev/sdd                 [       1.00 GiB] 
  /dev/sde                 [       1.00 GiB] 
  4 disks
  3 partitions
  0 LVM physical volume whole disks
  1 LVM physical volume
[root@lvm vagrant]# pvcreate /dev/sdb
  Physical volume "/dev/sdb" successfully created.
[root@lvm vagrant]# lvmdiskscan
  /dev/VolGroup00/LogVol00 [     <37.47 GiB] 
  /dev/VolGroup00/LogVol01 [       1.50 GiB] 
  /dev/sda2                [       1.00 GiB] 
  /dev/sda3                [     <39.00 GiB] LVM physical volume
  /dev/sdb                 [      10.00 GiB] LVM physical volume
  /dev/sdc                 [       2.00 GiB] 
  /dev/sdd                 [       1.00 GiB] 
  /dev/sde                 [       1.00 GiB] 
  3 disks
  3 partitions
  1 LVM physical volume whole disk
  1 LVM physical volume
[root@lvm vagrant]#  vgcreate otus /dev/sdb
  Volume group "otus" successfully created
[root@lvm vagrant]# lvmdiskscan
  /dev/VolGroup00/LogVol00 [     <37.47 GiB] 
  /dev/VolGroup00/LogVol01 [       1.50 GiB] 
  /dev/sda2                [       1.00 GiB] 
  /dev/sda3                [     <39.00 GiB] LVM physical volume
  /dev/sdb                 [      10.00 GiB] LVM physical volume
  /dev/sdc                 [       2.00 GiB] 
  /dev/sdd                 [       1.00 GiB] 
  /dev/sde                 [       1.00 GiB] 
  3 disks
  3 partitions
  1 LVM physical volume whole disk
  1 LVM physical volume
[root@lvm vagrant]# lsblk
NAME                    MAJ:MIN RM  SIZE RO TYPE MOUNTPOINT
sda                       8:0    0   40G  0 disk 
├─sda1                    8:1    0    1M  0 part 
├─sda2                    8:2    0    1G  0 part /boot
└─sda3                    8:3    0   39G  0 part 
  ├─VolGroup00-LogVol00 253:0    0 37.5G  0 lvm  /
  └─VolGroup00-LogVol01 253:1    0  1.5G  0 lvm  [SWAP]
sdb                       8:16   0   10G  0 disk 
sdc                       8:32   0    2G  0 disk 
sdd                       8:48   0    1G  0 disk 
sde                       8:64   0    1G  0 disk 
[root@lvm vagrant]#  lvcreate -l+80%FREE -n test otus
  Logical volume "test" created.
[root@lvm vagrant]# lsblk
NAME                    MAJ:MIN RM  SIZE RO TYPE MOUNTPOINT
sda                       8:0    0   40G  0 disk 
├─sda1                    8:1    0    1M  0 part 
├─sda2                    8:2    0    1G  0 part /boot
└─sda3                    8:3    0   39G  0 part 
  ├─VolGroup00-LogVol00 253:0    0 37.5G  0 lvm  /
  └─VolGroup00-LogVol01 253:1    0  1.5G  0 lvm  [SWAP]
sdb                       8:16   0   10G  0 disk 
└─otus-test             253:2    0    8G  0 lvm  
sdc                       8:32   0    2G  0 disk 
sdd                       8:48   0    1G  0 disk 
sde                       8:64   0    1G  0 disk 
[root@lvm vagrant]# lvmdiskscan
  /dev/VolGroup00/LogVol00 [     <37.47 GiB] 
  /dev/VolGroup00/LogVol01 [       1.50 GiB] 
  /dev/sda2                [       1.00 GiB] 
  /dev/otus/test           [      <8.00 GiB] 
  /dev/sda3                [     <39.00 GiB] LVM physical volume
  /dev/sdb                 [      10.00 GiB] LVM physical volume
  /dev/sdc                 [       2.00 GiB] 
  /dev/sdd                 [       1.00 GiB] 
  /dev/sde                 [       1.00 GiB] 
  4 disks
  3 partitions
  1 LVM physical volume whole disk
  1 LVM physical volume
[root@lvm vagrant]#  vgdisplay otus
  --- Volume group ---
  VG Name               otus
  System ID             
  Format                lvm2
  Metadata Areas        1
  Metadata Sequence No  2
  VG Access             read/write
  VG Status             resizable
  MAX LV                0
  Cur LV                1
  Open LV               0
  Max PV                0
  Cur PV                1
  Act PV                1
  VG Size               <10.00 GiB
  PE Size               4.00 MiB
  Total PE              2559
  Alloc PE / Size       2047 / <8.00 GiB
  Free  PE / Size       512 / 2.00 GiB
  VG UUID               qvWs9m-fQD9-euxz-xcSq-vTyc-9Xiu-tnCJtw
   
[root@lvm vagrant]# vgdisplay -v otus | grep 'PV NAME'
[root@lvm vagrant]# vgdisplay -v otus 
  --- Volume group ---
  VG Name               otus
  System ID             
  Format                lvm2
  Metadata Areas        1
  Metadata Sequence No  2
  VG Access             read/write
  VG Status             resizable
  MAX LV                0
  Cur LV                1
  Open LV               0
  Max PV                0
  Cur PV                1
  Act PV                1
  VG Size               <10.00 GiB
  PE Size               4.00 MiB
  Total PE              2559
  Alloc PE / Size       2047 / <8.00 GiB
  Free  PE / Size       512 / 2.00 GiB
  VG UUID               qvWs9m-fQD9-euxz-xcSq-vTyc-9Xiu-tnCJtw
   
  --- Logical volume ---
  LV Path                /dev/otus/test
  LV Name                test
  VG Name                otus
  LV UUID                jAZSZD-o287-OLeN-bxff-wF6x-GXSn-TlGL0O
  LV Write Access        read/write
  LV Creation host, time lvm, 2022-02-12 04:34:19 +0000
  LV Status              available
  # open                 0
  LV Size                <8.00 GiB
  Current LE             2047
  Segments               1
  Allocation             inherit
  Read ahead sectors     auto
  - currently set to     8192
  Block device           253:2
   
  --- Physical volumes ---
  PV Name               /dev/sdb     
  PV UUID               y6kcSC-ARAp-36EY-0NK5-z5cP-a9wm-ou1Z9x
  PV Status             allocatable
  Total PE / Free PE    2559 / 512
   
[root@lvm vagrant]# vgdisplay -v otus | grep 'PV Name'
  PV Name               /dev/sdb     
[root@lvm vagrant]# vgdisplay -v otus | grep -i 'PV NAME'
  PV Name               /dev/sdb     
[root@lvm vagrant]# lvdisplay /dev/otus/test
  --- Logical volume ---
  LV Path                /dev/otus/test
  LV Name                test
  VG Name                otus
  LV UUID                jAZSZD-o287-OLeN-bxff-wF6x-GXSn-TlGL0O
  LV Write Access        read/write
  LV Creation host, time lvm, 2022-02-12 04:34:19 +0000
  LV Status              available
  # open                 0
  LV Size                <8.00 GiB
  Current LE             2047
  Segments               1
  Allocation             inherit
  Read ahead sectors     auto
  - currently set to     8192
  Block device           253:2
   
[root@lvm vagrant]# vgs
  VG         #PV #LV #SN Attr   VSize   VFree
  VolGroup00   1   2   0 wz--n- <38.97g    0 
  otus         1   1   0 wz--n- <10.00g 2.00g
[root@lvm vagrant]# lvs
  LV       VG         Attr       LSize   Pool Origin Data%  Meta%  Move Log Cpy%Sync Convert
  LogVol00 VolGroup00 -wi-ao---- <37.47g                                                    
  LogVol01 VolGroup00 -wi-ao----   1.50g                                                    
  test     otus       -wi-a-----  <8.00g                                                    
[root@lvm vagrant]# lvcreate -L100M -n small otus
  Logical volume "small" created.
[root@lvm vagrant]# lvs
  LV       VG         Attr       LSize   Pool Origin Data%  Meta%  Move Log Cpy%Sync Convert
  LogVol00 VolGroup00 -wi-ao---- <37.47g                                                    
  LogVol01 VolGroup00 -wi-ao----   1.50g                                                    
  small    otus       -wi-a----- 100.00m                                                    
  test     otus       -wi-a-----  <8.00g                                                    
[root@lvm vagrant]# vgs
  VG         #PV #LV #SN Attr   VSize   VFree
  VolGroup00   1   2   0 wz--n- <38.97g    0 
  otus         1   2   0 wz--n- <10.00g 1.90g
[root@lvm vagrant]# mkfs.ext4 /dev/otus/test
mke2fs 1.42.9 (28-Dec-2013)
Filesystem label=
OS type: Linux
Block size=4096 (log=2)
Fragment size=4096 (log=2)
Stride=0 blocks, Stripe width=0 blocks
524288 inodes, 2096128 blocks
104806 blocks (5.00%) reserved for the super user
First data block=0
Maximum filesystem blocks=2147483648
64 block groups
32768 blocks per group, 32768 fragments per group
8192 inodes per group
Superblock backups stored on blocks: 
	32768, 98304, 163840, 229376, 294912, 819200, 884736, 1605632

Allocating group tables: done                            
Writing inode tables: done                            
Creating journal (32768 blocks): done
Writing superblocks and filesystem accounting information: done 

[root@lvm vagrant]# mkdir /data
[root@lvm vagrant]# mount /dev/otus/test /data/
[root@lvm vagrant]# mount | grep /data
/dev/mapper/otus-test on /data type ext4 (rw,relatime,seclabel,data=ordered)
[root@lvm vagrant]# pvcreate /dev/sdc
  Physical volume "/dev/sdc" successfully created.
[root@lvm vagrant]# vgextend otus /dev/sdc
  Volume group "otus" successfully extended
[root@lvm vagrant]# vgdisplay -v otus | grep 'PV Name'
  PV Name               /dev/sdb     
  PV Name               /dev/sdc     
[root@lvm vagrant]# vgs
  VG         #PV #LV #SN Attr   VSize   VFree 
  VolGroup00   1   2   0 wz--n- <38.97g     0 
  otus         2   2   0 wz--n-  11.99g <3.90g
[root@lvm vagrant]# dd if=/dev/zero of=/data/test.log bs=1M count=8000 status=progress
7826571264 bytes (7.8 GB) copied, 11.028020 s, 710 MB/s
dd: error writing ‘/data/test.log’: No space left on device
7880+0 records in
7879+0 records out
8262189056 bytes (8.3 GB) copied, 11.6976 s, 706 MB/s
[root@lvm vagrant]# df -Th /data/
Filesystem            Type  Size  Used Avail Use% Mounted on
/dev/mapper/otus-test ext4  7.8G  7.8G     0 100% /data
[root@lvm vagrant]# df
Filesystem                      1K-blocks    Used Available Use% Mounted on
/dev/mapper/VolGroup00-LogVol00  39269648  824960  38444688   3% /
devtmpfs                           110948       0    110948   0% /dev
tmpfs                              120692       0    120692   0% /dev/shm
tmpfs                              120692    4608    116084   4% /run
tmpfs                              120692       0    120692   0% /sys/fs/cgroup
/dev/sda2                         1038336   64076    974260   7% /boot
tmpfs                               24140       0     24140   0% /run/user/1000
/dev/mapper/otus-test             8121784 8105400         0 100% /data
[root@lvm vagrant]# lvextend -l+80%FREE /dev/otus/test
  Size of logical volume otus/test changed from <8.00 GiB (2047 extents) to <11.12 GiB (2846 extents).
  Logical volume otus/test successfully resized.
[root@lvm vagrant]# df
Filesystem                      1K-blocks    Used Available Use% Mounted on
/dev/mapper/VolGroup00-LogVol00  39269648  825004  38444644   3% /
devtmpfs                           110948       0    110948   0% /dev
tmpfs                              120692       0    120692   0% /dev/shm
tmpfs                              120692    4608    116084   4% /run
tmpfs                              120692       0    120692   0% /sys/fs/cgroup
/dev/sda2                         1038336   64076    974260   7% /boot
tmpfs                               24140       0     24140   0% /run/user/1000
/dev/mapper/otus-test             8121784 8105400         0 100% /data
[root@lvm vagrant]# lvs /dev/otus/test
  LV   VG   Attr       LSize   Pool Origin Data%  Meta%  Move Log Cpy%Sync Convert
  test otus -wi-ao---- <11.12g                                                    
[root@lvm vagrant]# resize2fs /dev/otus/test
resize2fs 1.42.9 (28-Dec-2013)
Filesystem at /dev/otus/test is mounted on /data; on-line resizing required
old_desc_blocks = 1, new_desc_blocks = 2
The filesystem on /dev/otus/test is now 2914304 blocks long.

[root@lvm vagrant]# df
Filesystem                      1K-blocks    Used Available Use% Mounted on
/dev/mapper/VolGroup00-LogVol00  39269648  824964  38444684   3% /
devtmpfs                           110948       0    110948   0% /dev
tmpfs                              120692       0    120692   0% /dev/shm
tmpfs                              120692    4608    116084   4% /run
tmpfs                              120692       0    120692   0% /sys/fs/cgroup
/dev/sda2                         1038336   64076    974260   7% /boot
tmpfs                               24140       0     24140   0% /run/user/1000
/dev/mapper/otus-test            11343040 8109452   2667240  76% /data
[root@lvm vagrant]# umount /data/
[root@lvm vagrant]# d
bash: d: command not found
[root@lvm vagrant]# df
Filesystem                      1K-blocks   Used Available Use% Mounted on
/dev/mapper/VolGroup00-LogVol00  39269648 824964  38444684   3% /
devtmpfs                           110948      0    110948   0% /dev
tmpfs                              120692      0    120692   0% /dev/shm
tmpfs                              120692   4608    116084   4% /run
tmpfs                              120692      0    120692   0% /sys/fs/cgroup
/dev/sda2                         1038336  64076    974260   7% /boot
tmpfs                               24140      0     24140   0% /run/user/1000
[root@lvm vagrant]# pvs
  PV         VG         Fmt  Attr PSize   PFree  
  /dev/sda3  VolGroup00 lvm2 a--  <38.97g      0 
  /dev/sdb   otus       lvm2 a--  <10.00g      0 
  /dev/sdc   otus       lvm2 a--   <2.00g 796.00m
[root@lvm vagrant]# e2fsck -fy /dev/otus/test
e2fsck 1.42.9 (28-Dec-2013)
Pass 1: Checking inodes, blocks, and sizes
Pass 2: Checking directory structure
Pass 3: Checking directory connectivity
Pass 4: Checking reference counts
Pass 5: Checking group summary information
/dev/otus/test: 12/729088 files (0.0% non-contiguous), 2105907/2914304 blocks
[root@lvm vagrant]# resize2fs /dev/otus/test 10G
resize2fs 1.42.9 (28-Dec-2013)
Resizing the filesystem on /dev/otus/test to 2621440 (4k) blocks.
The filesystem on /dev/otus/test is now 2621440 blocks long.

[root@lvm vagrant]# lvreduce /dev/otus/test -L 10G
  WARNING: Reducing active logical volume to 10.00 GiB.
  THIS MAY DESTROY YOUR DATA (filesystem etc.)
Do you really want to reduce otus/test? [y/n]: y
  Size of logical volume otus/test changed from <11.12 GiB (2846 extents) to 10.00 GiB (2560 extents).
  Logical volume otus/test successfully resized.
[root@lvm vagrant]# mount /dev/otus/test /data/
[root@lvm vagrant]# df
Filesystem                      1K-blocks    Used Available Use% Mounted on
/dev/mapper/VolGroup00-LogVol00  39269648  825028  38444620   3% /
devtmpfs                           110948       0    110948   0% /dev
tmpfs                              120692       0    120692   0% /dev/shm
tmpfs                              120692    4608    116084   4% /run
tmpfs                              120692       0    120692   0% /sys/fs/cgroup
/dev/sda2                         1038336   64076    974260   7% /boot
tmpfs                               24140       0     24140   0% /run/user/1000
/dev/mapper/otus-test            10190100 8105364   1573656  84% /data
[root@lvm vagrant]# lvs /dev/otus/test
  LV   VG   Attr       LSize  Pool Origin Data%  Meta%  Move Log Cpy%Sync Convert
  test otus -wi-ao---- 10.00g                                                    
[root@lvm vagrant]#  lvcreate -L 500M -s -n test-snap /dev/otus/test
  Logical volume "test-snap" created.
[root@lvm vagrant]#  vgs -o +lv_size,lv_name | grep test
  otus         2   3   1 wz--n-  11.99g <1.41g  10.00g test     
  otus         2   3   1 wz--n-  11.99g <1.41g 500.00m test-snap
[root@lvm vagrant]# lsblk
NAME                    MAJ:MIN RM  SIZE RO TYPE MOUNTPOINT
sda                       8:0    0   40G  0 disk 
├─sda1                    8:1    0    1M  0 part 
├─sda2                    8:2    0    1G  0 part /boot
└─sda3                    8:3    0   39G  0 part 
  ├─VolGroup00-LogVol00 253:0    0 37.5G  0 lvm  /
  └─VolGroup00-LogVol01 253:1    0  1.5G  0 lvm  [SWAP]
sdb                       8:16   0   10G  0 disk 
├─otus-small            253:3    0  100M  0 lvm  
└─otus-test-real        253:4    0   10G  0 lvm  
  ├─otus-test           253:2    0   10G  0 lvm  /data
  └─otus-test--snap     253:6    0   10G  0 lvm  
sdc                       8:32   0    2G  0 disk 
├─otus-test-real        253:4    0   10G  0 lvm  
│ ├─otus-test           253:2    0   10G  0 lvm  /data
│ └─otus-test--snap     253:6    0   10G  0 lvm  
└─otus-test--snap-cow   253:5    0  500M  0 lvm  
  └─otus-test--snap     253:6    0   10G  0 lvm  
sdd                       8:48   0    1G  0 disk 
sde                       8:64   0    1G  0 disk 
[root@lvm vagrant]# mkdir /data-snap
[root@lvm vagrant]# mount /dev/otus/test-snap /data-snap/
[root@lvm vagrant]# ll /data-snap/
total 8068564
drwx------. 2 root root      16384 Feb 12 04:37 lost+found
-rw-r--r--. 1 root root 8262189056 Feb 12 04:39 test.log
[root@lvm vagrant]# unmount /data-snap
bash: unmount: command not found
[root@lvm vagrant]# umount /data-snap
[root@lvm vagrant]# rm test.log
rm: cannot remove ‘test.log’: No such file or directory
[root@lvm vagrant]# lsblk
NAME                    MAJ:MIN RM  SIZE RO TYPE MOUNTPOINT
sda                       8:0    0   40G  0 disk 
├─sda1                    8:1    0    1M  0 part 
├─sda2                    8:2    0    1G  0 part /boot
└─sda3                    8:3    0   39G  0 part 
  ├─VolGroup00-LogVol00 253:0    0 37.5G  0 lvm  /
  └─VolGroup00-LogVol01 253:1    0  1.5G  0 lvm  [SWAP]
sdb                       8:16   0   10G  0 disk 
├─otus-small            253:3    0  100M  0 lvm  
└─otus-test-real        253:4    0   10G  0 lvm  
  ├─otus-test           253:2    0   10G  0 lvm  /data
  └─otus-test--snap     253:6    0   10G  0 lvm  
sdc                       8:32   0    2G  0 disk 
├─otus-test-real        253:4    0   10G  0 lvm  
│ ├─otus-test           253:2    0   10G  0 lvm  /data
│ └─otus-test--snap     253:6    0   10G  0 lvm  
└─otus-test--snap-cow   253:5    0  500M  0 lvm  
  └─otus-test--snap     253:6    0   10G  0 lvm  
sdd                       8:48   0    1G  0 disk 
sde                       8:64   0    1G  0 disk 
[root@lvm vagrant]# ii
bash: ii: command not found
[root@lvm vagrant]# ll
total 0
[root@lvm vagrant]# which ll
alias ll='ls -l --color=auto'
	/bin/ls
[root@lvm vagrant]# mount /dev/otus/test-snap /data-snap/
[root@lvm vagrant]# ll
total 0
[root@lvm vagrant]# lsblk
NAME                    MAJ:MIN RM  SIZE RO TYPE MOUNTPOINT
sda                       8:0    0   40G  0 disk 
├─sda1                    8:1    0    1M  0 part 
├─sda2                    8:2    0    1G  0 part /boot
└─sda3                    8:3    0   39G  0 part 
  ├─VolGroup00-LogVol00 253:0    0 37.5G  0 lvm  /
  └─VolGroup00-LogVol01 253:1    0  1.5G  0 lvm  [SWAP]
sdb                       8:16   0   10G  0 disk 
├─otus-small            253:3    0  100M  0 lvm  
└─otus-test-real        253:4    0   10G  0 lvm  
  ├─otus-test           253:2    0   10G  0 lvm  /data
  └─otus-test--snap     253:6    0   10G  0 lvm  /data-snap
sdc                       8:32   0    2G  0 disk 
├─otus-test-real        253:4    0   10G  0 lvm  
│ ├─otus-test           253:2    0   10G  0 lvm  /data
│ └─otus-test--snap     253:6    0   10G  0 lvm  /data-snap
└─otus-test--snap-cow   253:5    0  500M  0 lvm  
  └─otus-test--snap     253:6    0   10G  0 lvm  /data-snap
sdd                       8:48   0    1G  0 disk 
sde                       8:64   0    1G  0 disk 
[root@lvm vagrant]# ll /data-snap/
total 8068564
drwx------. 2 root root      16384 Feb 12 04:37 lost+found
-rw-r--r--. 1 root root 8262189056 Feb 12 04:39 test.log
[root@lvm vagrant]# cd /d
data/      data-snap/ dev/       
[root@lvm vagrant]# cd /d
data/      data-snap/ dev/       
[root@lvm vagrant]# cd /data/
[root@lvm data]#  ll /data-snap/
total 8068564
drwx------. 2 root root      16384 Feb 12 04:37 lost+found
-rw-r--r--. 1 root root 8262189056 Feb 12 04:39 test.log
[root@lvm data]# ll
total 8068564
drwx------. 2 root root      16384 Feb 12 04:37 lost+found
-rw-r--r--. 1 root root 8262189056 Feb 12 04:39 test.log
[root@lvm data]# unmount /data-snap
bash: unmount: command not found
[root@lvm data]# umount /data-snap
[root@lvm data]# cd /
bin/       data/      dev/       home/      lib64/     mnt/       proc/      run/       srv/       tmp/       vagrant/   
boot/      data-snap/ etc/       lib/       media/     opt/       root/      sbin/      sys/       usr/       var/       
[root@lvm data]# cd /d
data/      data-snap/ dev/       
[root@lvm data]# cd /data
[root@lvm data]# ll
total 8068564
drwx------. 2 root root      16384 Feb 12 04:37 lost+found
-rw-r--r--. 1 root root 8262189056 Feb 12 04:39 test.log
[root@lvm data]#  rm test.log
rm: remove regular file ‘test.log’? y
[root@lvm data]# ll
total 16
drwx------. 2 root root 16384 Feb 12 04:37 lost+found
[root@lvm data]# umount /data
umount: /data: target is busy.
        (In some cases useful info about processes that use
         the device is found by lsof(8) or fuser(1))
[root@lvm data]# cd
[root@lvm ~]# umount /data
[root@lvm ~]# lsblk
NAME                    MAJ:MIN RM  SIZE RO TYPE MOUNTPOINT
sda                       8:0    0   40G  0 disk 
├─sda1                    8:1    0    1M  0 part 
├─sda2                    8:2    0    1G  0 part /boot
└─sda3                    8:3    0   39G  0 part 
  ├─VolGroup00-LogVol00 253:0    0 37.5G  0 lvm  /
  └─VolGroup00-LogVol01 253:1    0  1.5G  0 lvm  [SWAP]
sdb                       8:16   0   10G  0 disk 
├─otus-small            253:3    0  100M  0 lvm  
└─otus-test-real        253:4    0   10G  0 lvm  
  ├─otus-test           253:2    0   10G  0 lvm  
  └─otus-test--snap     253:6    0   10G  0 lvm  
sdc                       8:32   0    2G  0 disk 
├─otus-test-real        253:4    0   10G  0 lvm  
│ ├─otus-test           253:2    0   10G  0 lvm  
│ └─otus-test--snap     253:6    0   10G  0 lvm  
└─otus-test--snap-cow   253:5    0  500M  0 lvm  
  └─otus-test--snap     253:6    0   10G  0 lvm  
sdd                       8:48   0    1G  0 disk 
sde                       8:64   0    1G  0 disk 
[root@lvm ~]# lvconvert --merge /dev/otus/test-snap
  Merging of volume otus/test-snap started.
  otus/test: Merged: 100.00%
[root@lvm ~]#  mount /dev/otus/test /data
[root@lvm ~]# ll /data
total 8068564
drwx------. 2 root root      16384 Feb 12 04:37 lost+found
-rw-r--r--. 1 root root 8262189056 Feb 12 04:39 test.log
[root@lvm ~]# pvcreate /dev/sd{d,e}
  Physical volume "/dev/sdd" successfully created.
  Physical volume "/dev/sde" successfully created.
[root@lvm ~]# vgcreate vg0 /dev/sd{d,e}
  Volume group "vg0" successfully created
[root@lvm ~]#  lvcreate -l+80%FREE -m1 -n mirror vg0
  Logical volume "mirror" created.
[root@lvm ~]# lvs
  LV       VG         Attr       LSize   Pool Origin Data%  Meta%  Move Log Cpy%Sync Convert
  LogVol00 VolGroup00 -wi-ao---- <37.47g                                                    
  LogVol01 VolGroup00 -wi-ao----   1.50g                                                    
  small    otus       -wi-a----- 100.00m                                                    
  test     otus       -wi-ao----  10.00g                                                    
  mirror   vg0        rwi-a-r--- 816.00m                                    100.00          
[root@lvm ~]# df
Filesystem                      1K-blocks    Used Available Use% Mounted on
/dev/mapper/VolGroup00-LogVol00  39269648  825008  38444640   3% /
devtmpfs                           110948       0    110948   0% /dev
tmpfs                              120692       0    120692   0% /dev/shm
tmpfs                              120692    4692    116000   4% /run
tmpfs                              120692       0    120692   0% /sys/fs/cgroup
/dev/sda2                         1038336   64076    974260   7% /boot
tmpfs                               24140       0     24140   0% /run/user/1000
/dev/mapper/otus-test            10190100 8105364   1573656  84% /data
tmpfs                               24140       0     24140   0% /run/user/0
[root@lvm ~]# lsblk
NAME                    MAJ:MIN RM  SIZE RO TYPE MOUNTPOINT
sda                       8:0    0   40G  0 disk 
├─sda1                    8:1    0    1M  0 part 
├─sda2                    8:2    0    1G  0 part /boot
└─sda3                    8:3    0   39G  0 part 
  ├─VolGroup00-LogVol00 253:0    0 37.5G  0 lvm  /
  └─VolGroup00-LogVol01 253:1    0  1.5G  0 lvm  [SWAP]
sdb                       8:16   0   10G  0 disk 
├─otus-test             253:2    0   10G  0 lvm  /data
└─otus-small            253:3    0  100M  0 lvm  
sdc                       8:32   0    2G  0 disk 
└─otus-test             253:2    0   10G  0 lvm  /data
sdd                       8:48   0    1G  0 disk 
├─vg0-mirror_rmeta_0    253:4    0    4M  0 lvm  
│ └─vg0-mirror          253:8    0  816M  0 lvm  
└─vg0-mirror_rimage_0   253:5    0  816M  0 lvm  
  └─vg0-mirror          253:8    0  816M  0 lvm  
sde                       8:64   0    1G  0 disk 
├─vg0-mirror_rmeta_1    253:6    0    4M  0 lvm  
│ └─vg0-mirror          253:8    0  816M  0 lvm  
└─vg0-mirror_rimage_1   253:7    0  816M  0 lvm  
  └─vg0-mirror          253:8    0  816M  0 lvm  
[root@lvm ~]# ii
bash: ii: command not found
[root@lvm ~]# ls
anaconda-ks.cfg  original-ks.cfg
[root@lvm ~]# ls -a
.  ..  anaconda-ks.cfg  .bash_logout  .bash_profile  .bashrc  .cshrc  original-ks.cfg  .ssh  .tcshrc
[root@lvm ~]# cd /
bin/       data/      dev/       home/      lib64/     mnt/       proc/      run/       srv/       tmp/       vagrant/   
boot/      data-snap/ etc/       lib/       media/     opt/       root/      sbin/      sys/       usr/       var/       
[root@lvm ~]# cd /
bin/       data/      dev/       home/      lib64/     mnt/       proc/      run/       srv/       tmp/       vagrant/   
boot/      data-snap/ etc/       lib/       media/     opt/       root/      sbin/      sys/       usr/       var/       
[root@lvm ~]# cd /^C
[root@lvm ~]# lsblk
NAME                    MAJ:MIN RM  SIZE RO TYPE MOUNTPOINT
sda                       8:0    0   40G  0 disk 
├─sda1                    8:1    0    1M  0 part 
├─sda2                    8:2    0    1G  0 part /boot
└─sda3                    8:3    0   39G  0 part 
  ├─VolGroup00-LogVol00 253:0    0 37.5G  0 lvm  /
  └─VolGroup00-LogVol01 253:1    0  1.5G  0 lvm  [SWAP]
sdb                       8:16   0   10G  0 disk 
├─otus-test             253:2    0   10G  0 lvm  /data
└─otus-small            253:3    0  100M  0 lvm  
sdc                       8:32   0    2G  0 disk 
└─otus-test             253:2    0   10G  0 lvm  /data
sdd                       8:48   0    1G  0 disk 
├─vg0-mirror_rmeta_0    253:4    0    4M  0 lvm  
│ └─vg0-mirror          253:8    0  816M  0 lvm  
└─vg0-mirror_rimage_0   253:5    0  816M  0 lvm  
  └─vg0-mirror          253:8    0  816M  0 lvm  
sde                       8:64   0    1G  0 disk 
├─vg0-mirror_rmeta_1    253:6    0    4M  0 lvm  
│ └─vg0-mirror          253:8    0  816M  0 lvm  
└─vg0-mirror_rimage_1   253:7    0  816M  0 lvm  
  └─vg0-mirror          253:8    0  816M  0 lvm  
[root@lvm ~]# ll /d
data/      data-snap/ dev/       
[root@lvm ~]# ll /d
data/      data-snap/ dev/       
[root@lvm ~]# ll /data
total 8068564
drwx------. 2 root root      16384 Feb 12 04:37 lost+found
-rw-r--r--. 1 root root 8262189056 Feb 12 04:39 test.log
[root@lvm ~]# df /data
Filesystem            1K-blocks    Used Available Use% Mounted on
/dev/mapper/otus-test  10190100 8105364   1573656  84% /data
[root@lvm ~]# exit
[vagrant@lvm ~]$ logout
Connection to 127.0.0.1 closed.
egor@acer:~/OTUS/LVM_hw3$ vagrant destroy
    lvm: Are you sure you want to destroy the 'lvm' VM? [y/N] y
==> lvm: Forcing shutdown of VM...
==> lvm: Destroying VM and associated drives...
egor@acer:~/OTUS/LVM_hw3$ vagrant up
Bringing machine 'lvm' up with 'virtualbox' provider...
==> lvm: Importing base box 'centos/7'...
==> lvm: Matching MAC address for NAT networking...
==> lvm: Checking if box 'centos/7' version '1804.02' is up to date...
==> lvm: Setting the name of the VM: LVM_hw3_lvm_1644644104509_40984
==> lvm: Clearing any previously set network interfaces...
==> lvm: Preparing network interfaces based on configuration...
    lvm: Adapter 1: nat
    lvm: Adapter 2: hostonly
==> lvm: Forwarding ports...
    lvm: 22 (guest) => 2222 (host) (adapter 1)
==> lvm: Running 'pre-boot' VM customizations...
==> lvm: Booting VM...
==> lvm: Waiting for machine to boot. This may take a few minutes...
    lvm: SSH address: 127.0.0.1:2222
    lvm: SSH username: vagrant
    lvm: SSH auth method: private key
    lvm: 
    lvm: Vagrant insecure key detected. Vagrant will automatically replace
    lvm: this with a newly generated keypair for better security.
    lvm: 
    lvm: Inserting generated public key within guest...
    lvm: Removing insecure key from the guest if it's present...
    lvm: Key inserted! Disconnecting and reconnecting using new SSH key...
==> lvm: Machine booted and ready!
==> lvm: Checking for guest additions in VM...
    lvm: No guest additions were detected on the base box for this VM! Guest
    lvm: additions are required for forwarded ports, shared folders, host only
    lvm: networking, and more. If SSH fails on this machine, please install
    lvm: the guest additions and repackage the box to continue.
    lvm: 
    lvm: This is not an error message; everything may continue to work properly,
    lvm: in which case you may ignore this message.
==> lvm: Setting hostname...
==> lvm: Configuring and enabling network interfaces...
==> lvm: Rsyncing folder: /home/egor/OTUS/LVM_hw3/ => /vagrant
==> lvm: Running provisioner: shell...
    lvm: Running: inline script
    lvm: Loaded plugins: fastestmirror
    lvm: Determining fastest mirrors
    lvm:  * base: mirror.docker.ru
    lvm:  * extras: mirror.sale-dedic.com
    lvm:  * updates: mirror.docker.ru
    lvm: Resolving Dependencies
    lvm: --> Running transaction check
    lvm: ---> Package gdisk.x86_64 0:0.8.10-3.el7 will be installed
    lvm: ---> Package hdparm.x86_64 0:9.43-5.el7 will be installed
    lvm: ---> Package mdadm.x86_64 0:4.1-8.el7_9 will be installed
    lvm: --> Processing Dependency: libreport-filesystem for package: mdadm-4.1-8.el7_9.x86_64
    lvm: ---> Package smartmontools.x86_64 1:7.0-2.el7 will be installed
    lvm: --> Processing Dependency: mailx for package: 1:smartmontools-7.0-2.el7.x86_64
    lvm: --> Running transaction check
    lvm: ---> Package libreport-filesystem.x86_64 0:2.1.11-53.el7.centos will be installed
    lvm: ---> Package mailx.x86_64 0:12.5-19.el7 will be installed
    lvm: --> Finished Dependency Resolution
    lvm: 
    lvm: Dependencies Resolved
    lvm: 
    lvm: ================================================================================
    lvm:  Package                  Arch       Version                  Repository   Size
    lvm: ================================================================================
    lvm: Installing:
    lvm:  gdisk                    x86_64     0.8.10-3.el7             base        190 k
    lvm:  hdparm                   x86_64     9.43-5.el7               base         83 k
    lvm:  mdadm                    x86_64     4.1-8.el7_9              updates     440 k
    lvm:  smartmontools            x86_64     1:7.0-2.el7              base        546 k
    lvm: Installing for dependencies:
    lvm:  libreport-filesystem     x86_64     2.1.11-53.el7.centos     base         41 k
    lvm:  mailx                    x86_64     12.5-19.el7              base        245 k
    lvm: 
    lvm: Transaction Summary
    lvm: ================================================================================
    lvm: Install  4 Packages (+2 Dependent packages)
    lvm: 
    lvm: Total download size: 1.5 M
    lvm: Installed size: 4.3 M
    lvm: Downloading packages:
    lvm: Public key for hdparm-9.43-5.el7.x86_64.rpm is not installed
    lvm: warning: /var/cache/yum/x86_64/7/base/packages/hdparm-9.43-5.el7.x86_64.rpm: Header V3 RSA/SHA256 Signature, key ID f4a80eb5: NOKEY
    lvm: Public key for mdadm-4.1-8.el7_9.x86_64.rpm is not installed
    lvm: --------------------------------------------------------------------------------
    lvm: Total                                              1.2 MB/s | 1.5 MB  00:01
    lvm: Retrieving key from file:///etc/pki/rpm-gpg/RPM-GPG-KEY-CentOS-7
    lvm: Importing GPG key 0xF4A80EB5:
    lvm:  Userid     : "CentOS-7 Key (CentOS 7 Official Signing Key) <security@centos.org>"
    lvm:  Fingerprint: 6341 ab27 53d7 8a78 a7c2 7bb1 24c6 a8a7 f4a8 0eb5
    lvm:  Package    : centos-release-7-5.1804.el7.centos.x86_64 (@anaconda)
    lvm:  From       : /etc/pki/rpm-gpg/RPM-GPG-KEY-CentOS-7
    lvm: Running transaction check
    lvm: Running transaction test
    lvm: Transaction test succeeded
    lvm: Running transaction
    lvm:   Installing : libreport-filesystem-2.1.11-53.el7.centos.x86_64             1/6
    lvm:   Installing : mailx-12.5-19.el7.x86_64                                     2/6
    lvm:   Installing : 1:smartmontools-7.0-2.el7.x86_64                             3/6
    lvm:   Installing : mdadm-4.1-8.el7_9.x86_64                                     4/6
    lvm:   Installing : hdparm-9.43-5.el7.x86_64                                     5/6
    lvm:   Installing : gdisk-0.8.10-3.el7.x86_64                                    6/6
    lvm:   Verifying  : 1:smartmontools-7.0-2.el7.x86_64                             1/6
    lvm:   Verifying  : mdadm-4.1-8.el7_9.x86_64                                     2/6
    lvm:   Verifying  : gdisk-0.8.10-3.el7.x86_64                                    3/6
    lvm:   Verifying  : mailx-12.5-19.el7.x86_64                                     4/6
    lvm:   Verifying  : hdparm-9.43-5.el7.x86_64                                     5/6
    lvm:   Verifying  : libreport-filesystem-2.1.11-53.el7.centos.x86_64             6/6
    lvm: 
    lvm: Installed:
    lvm:   gdisk.x86_64 0:0.8.10-3.el7          hdparm.x86_64 0:9.43-5.el7
    lvm:   mdadm.x86_64 0:4.1-8.el7_9           smartmontools.x86_64 1:7.0-2.el7
    lvm: 
    lvm: Dependency Installed:
    lvm:   libreport-filesystem.x86_64 0:2.1.11-53.el7.centos mailx.x86_64 0:12.5-19.el7
    lvm: 
    lvm: Complete!
egor@acer:~/OTUS/LVM_hw3$ pvcreate /dev/sdb

Команда «pvcreate» не найдена, но может быть установлена с помощью:

sudo apt install lvm2

egor@acer:~/OTUS/LVM_hw3$ vagrant ssh
[vagrant@lvm ~]$ pvcreate /dev/sdb
  WARNING: Running as a non-root user. Functionality may be unavailable.
  /run/lvm/lvmetad.socket: access failed: Permission denied
  WARNING: Failed to connect to lvmetad. Falling back to device scanning.
  /run/lock/lvm/P_orphans:aux: open failed: Permission denied
  Can't get lock for orphan PVs.
[vagrant@lvm ~]$ sudo su
[root@lvm vagrant]# pvcreate /dev/sdb
  Physical volume "/dev/sdb" successfully created.
[root@lvm vagrant]# vgcreate vg_root /dev/sdb
  Volume group "vg_root" successfully created
[root@lvm vagrant]# # lvcreate -n lv_root -l +100%FREE /dev/vg_root
[root@lvm vagrant]# lsblk
NAME                    MAJ:MIN RM  SIZE RO TYPE MOUNTPOINT
sda                       8:0    0   40G  0 disk 
├─sda1                    8:1    0    1M  0 part 
├─sda2                    8:2    0    1G  0 part /boot
└─sda3                    8:3    0   39G  0 part 
  ├─VolGroup00-LogVol00 253:0    0 37.5G  0 lvm  /
  └─VolGroup00-LogVol01 253:1    0  1.5G  0 lvm  [SWAP]
sdb                       8:16   0   10G  0 disk 
sdc                       8:32   0    2G  0 disk 
sdd                       8:48   0    1G  0 disk 
sde                       8:64   0    1G  0 disk 
[root@lvm vagrant]# lvs
  LV       VG         Attr       LSize   Pool Origin Data%  Meta%  Move Log Cpy%Sync Convert
  LogVol00 VolGroup00 -wi-ao---- <37.47g                                                    
  LogVol01 VolGroup00 -wi-ao----   1.50g                                                    
[root@lvm vagrant]# vgs
  VG         #PV #LV #SN Attr   VSize   VFree  
  VolGroup00   1   2   0 wz--n- <38.97g      0 
  vg_root      1   0   0 wz--n- <10.00g <10.00g
[root@lvm vagrant]# pvs
  PV         VG         Fmt  Attr PSize   PFree  
  /dev/sda3  VolGroup00 lvm2 a--  <38.97g      0 
  /dev/sdb   vg_root    lvm2 a--  <10.00g <10.00g
[root@lvm vagrant]# mkfs.xfs /dev/vg_root/lv_root
/dev/vg_root/lv_root: No such file or directory
Usage: mkfs.xfs
/* blocksize */		[-b log=n|size=num]
/* metadata */		[-m crc=0|1,finobt=0|1,uuid=xxx]
/* data subvol */	[-d agcount=n,agsize=n,file,name=xxx,size=num,
			    (sunit=value,swidth=value|su=num,sw=num|noalign),
			    sectlog=n|sectsize=num
/* force overwrite */	[-f]
/* inode size */	[-i log=n|perblock=n|size=num,maxpct=n,attr=0|1|2,
			    projid32bit=0|1]
/* no discard */	[-K]
/* log subvol */	[-l agnum=n,internal,size=num,logdev=xxx,version=n
			    sunit=value|su=num,sectlog=n|sectsize=num,
			    lazy-count=0|1]
/* label */		[-L label (maximum 12 characters)]
/* naming */		[-n log=n|size=num,version=2|ci,ftype=0|1]
/* no-op info only */	[-N]
/* prototype file */	[-p fname]
/* quiet */		[-q]
/* realtime subvol */	[-r extsize=num,size=num,rtdev=xxx]
/* sectorsize */	[-s log=n|size=num]
/* version */		[-V]
			devicename
<devicename> is required unless -d name=xxx is given.
<num> is xxx (bytes), xxxs (sectors), xxxb (fs blocks), xxxk (xxx KiB),
      xxxm (xxx MiB), xxxg (xxx GiB), xxxt (xxx TiB) or xxxp (xxx PiB).
<value> is xxx (512 byte blocks).
[root@lvm vagrant]# mount /dev/vg_root/lv_root /mnt
mount: special device /dev/vg_root/lv_root does not exist
[root@lvm vagrant]# mount /dev/vg_root/lv_root /mnt
mount: special device /dev/vg_root/lv_root does not exist
[root@lvm vagrant]# df
Filesystem                      1K-blocks   Used Available Use% Mounted on
/dev/mapper/VolGroup00-LogVol00  39269648 824956  38444692   3% /
devtmpfs                           110948      0    110948   0% /dev
tmpfs                              120692      0    120692   0% /dev/shm
tmpfs                              120692   4600    116092   4% /run
tmpfs                              120692      0    120692   0% /sys/fs/cgroup
/dev/sda2                         1038336  64076    974260   7% /boot
tmpfs                               24140      0     24140   0% /run/user/1000
[root@lvm vagrant]# mkfs.xfs /dev/vg_root/lv_root
/dev/vg_root/lv_root: No such file or directory
Usage: mkfs.xfs
/* blocksize */		[-b log=n|size=num]
/* metadata */		[-m crc=0|1,finobt=0|1,uuid=xxx]
/* data subvol */	[-d agcount=n,agsize=n,file,name=xxx,size=num,
			    (sunit=value,swidth=value|su=num,sw=num|noalign),
			    sectlog=n|sectsize=num
/* force overwrite */	[-f]
/* inode size */	[-i log=n|perblock=n|size=num,maxpct=n,attr=0|1|2,
			    projid32bit=0|1]
/* no discard */	[-K]
/* log subvol */	[-l agnum=n,internal,size=num,logdev=xxx,version=n
			    sunit=value|su=num,sectlog=n|sectsize=num,
			    lazy-count=0|1]
/* label */		[-L label (maximum 12 characters)]
/* naming */		[-n log=n|size=num,version=2|ci,ftype=0|1]
/* no-op info only */	[-N]
/* prototype file */	[-p fname]
/* quiet */		[-q]
/* realtime subvol */	[-r extsize=num,size=num,rtdev=xxx]
/* sectorsize */	[-s log=n|size=num]
/* version */		[-V]
			devicename
<devicename> is required unless -d name=xxx is given.
<num> is xxx (bytes), xxxs (sectors), xxxb (fs blocks), xxxk (xxx KiB),
      xxxm (xxx MiB), xxxg (xxx GiB), xxxt (xxx TiB) or xxxp (xxx PiB).
<value> is xxx (512 byte blocks).
[root@lvm vagrant]# mkfs.xfs /dev/vg_root/lv_root
/dev/vg_root/lv_root: No such file or directory
Usage: mkfs.xfs
/* blocksize */		[-b log=n|size=num]
/* metadata */		[-m crc=0|1,finobt=0|1,uuid=xxx]
/* data subvol */	[-d agcount=n,agsize=n,file,name=xxx,size=num,
			    (sunit=value,swidth=value|su=num,sw=num|noalign),
			    sectlog=n|sectsize=num
/* force overwrite */	[-f]
/* inode size */	[-i log=n|perblock=n|size=num,maxpct=n,attr=0|1|2,
			    projid32bit=0|1]
/* no discard */	[-K]
/* log subvol */	[-l agnum=n,internal,size=num,logdev=xxx,version=n
			    sunit=value|su=num,sectlog=n|sectsize=num,
			    lazy-count=0|1]
/* label */		[-L label (maximum 12 characters)]
/* naming */		[-n log=n|size=num,version=2|ci,ftype=0|1]
/* no-op info only */	[-N]
/* prototype file */	[-p fname]
/* quiet */		[-q]
/* realtime subvol */	[-r extsize=num,size=num,rtdev=xxx]
/* sectorsize */	[-s log=n|size=num]
/* version */		[-V]
			devicename
<devicename> is required unless -d name=xxx is given.
<num> is xxx (bytes), xxxs (sectors), xxxb (fs blocks), xxxk (xxx KiB),
      xxxm (xxx MiB), xxxg (xxx GiB), xxxt (xxx TiB) or xxxp (xxx PiB).
<value> is xxx (512 byte blocks).
[root@lvm vagrant]# lvcreate -n lv_root -l +100%FREE /dev/vg_root
  Logical volume "lv_root" created.
[root@lvm vagrant]# lvs
  LV       VG         Attr       LSize   Pool Origin Data%  Meta%  Move Log Cpy%Sync Convert
  LogVol00 VolGroup00 -wi-ao---- <37.47g                                                    
  LogVol01 VolGroup00 -wi-ao----   1.50g                                                    
  lv_root  vg_root    -wi-a----- <10.00g                                                    
[root@lvm vagrant]# mkfs.xfs /dev/vg_root/lv_root
meta-data=/dev/vg_root/lv_root   isize=512    agcount=4, agsize=655104 blks
         =                       sectsz=512   attr=2, projid32bit=1
         =                       crc=1        finobt=0, sparse=0
data     =                       bsize=4096   blocks=2620416, imaxpct=25
         =                       sunit=0      swidth=0 blks
naming   =version 2              bsize=4096   ascii-ci=0 ftype=1
log      =internal log           bsize=4096   blocks=2560, version=2
         =                       sectsz=512   sunit=0 blks, lazy-count=1
realtime =none                   extsz=4096   blocks=0, rtextents=0
[root@lvm vagrant]# mount /dev/vg_root/lv_root /mnt
[root@lvm vagrant]# df
Filesystem                      1K-blocks   Used Available Use% Mounted on
/dev/mapper/VolGroup00-LogVol00  39269648 824960  38444688   3% /
devtmpfs                           110948      0    110948   0% /dev
tmpfs                              120692      0    120692   0% /dev/shm
tmpfs                              120692   4604    116088   4% /run
tmpfs                              120692      0    120692   0% /sys/fs/cgroup
/dev/sda2                         1038336  64076    974260   7% /boot
tmpfs                               24140      0     24140   0% /run/user/1000
/dev/mapper/vg_root-lv_root      10471424  32944  10438480   1% /mnt
[root@lvm vagrant]# xfsdump -J - /dev/VolGroup00/LogVol00 | xfsrestore -J - /mnt
bash: xfsrestore: command not found
[root@lvm vagrant]# yum install xfsdump
Loaded plugins: fastestmirror
Loading mirror speeds from cached hostfile
 * base: mirror.docker.ru
 * extras: mirror.sale-dedic.com
 * updates: mirror.docker.ru
Resolving Dependencies
--> Running transaction check
---> Package xfsdump.x86_64 0:3.1.7-1.el7 will be installed
--> Processing Dependency: attr >= 2.0.0 for package: xfsdump-3.1.7-1.el7.x86_64
--> Running transaction check
---> Package attr.x86_64 0:2.4.46-13.el7 will be installed
--> Finished Dependency Resolution

Dependencies Resolved

==============================================================================================================================================================================================================
 Package                                          Arch                                            Version                                                 Repository                                     Size
==============================================================================================================================================================================================================
Installing:
 xfsdump                                          x86_64                                          3.1.7-1.el7                                             base                                          308 k
Installing for dependencies:
 attr                                             x86_64                                          2.4.46-13.el7                                           base                                           66 k

Transaction Summary
==============================================================================================================================================================================================================
Install  1 Package (+1 Dependent package)

Total download size: 374 k
Installed size: 1.1 M
Is this ok [y/d/N]: y
Downloading packages:
(1/2): attr-2.4.46-13.el7.x86_64.rpm                                                                                                                                                   |  66 kB  00:00:00     
(2/2): xfsdump-3.1.7-1.el7.x86_64.rpm                                                                                                                                                  | 308 kB  00:00:00     
--------------------------------------------------------------------------------------------------------------------------------------------------------------------------------------------------------------
Total                                                                                                                                                                         550 kB/s | 374 kB  00:00:00     
Running transaction check
Running transaction test
Transaction test succeeded
Running transaction
  Installing : attr-2.4.46-13.el7.x86_64                                                                                                                                                                  1/2 
  Installing : xfsdump-3.1.7-1.el7.x86_64                                                                                                                                                                 2/2 
  Verifying  : attr-2.4.46-13.el7.x86_64                                                                                                                                                                  1/2 
  Verifying  : xfsdump-3.1.7-1.el7.x86_64                                                                                                                                                                 2/2 

Installed:
  xfsdump.x86_64 0:3.1.7-1.el7                                                                                                                                                                                

Dependency Installed:
  attr.x86_64 0:2.4.46-13.el7                                                                                                                                                                                 

Complete!
[root@lvm vagrant]# xfsdump -J - /dev/VolGroup00/LogVol00 | xfsrestore -J - /mnt
xfsrestore: using file dump (drive_simple) strategy
xfsrestore: version 3.1.7 (dump format 3.0)
xfsdump: using file dump (drive_simple) strategy
xfsdump: version 3.1.7 (dump format 3.0)
xfsdump: level 0 dump of lvm:/
xfsdump: dump date: Sat Feb 12 05:50:43 2022
xfsdump: session id: 91e266db-a5be-4720-97dc-39febb3bf44e
xfsdump: session label: ""
xfsrestore: searching media for dump
xfsdump: ino map phase 1: constructing initial dump list
xfsdump: ino map phase 2: skipping (no pruning necessary)
xfsdump: ino map phase 3: skipping (only one dump stream)
xfsdump: ino map construction complete
xfsdump: estimated dump size: 807067200 bytes
xfsdump: creating dump session media file 0 (media 0, file 0)
xfsdump: dumping ino map
xfsdump: dumping directories
xfsrestore: examining media file 0
xfsrestore: dump description: 
xfsrestore: hostname: lvm
xfsrestore: mount point: /
xfsrestore: volume: /dev/mapper/VolGroup00-LogVol00
xfsrestore: session time: Sat Feb 12 05:50:43 2022
xfsrestore: level: 0
xfsrestore: session label: ""
xfsrestore: media label: ""
xfsrestore: file system id: b60e9498-0baa-4d9f-90aa-069048217fee
xfsrestore: session id: 91e266db-a5be-4720-97dc-39febb3bf44e
xfsrestore: media id: 5f94cc71-a929-4164-bd25-98f878d20dc7
xfsrestore: searching media for directory dump
xfsrestore: reading directories
xfsdump: dumping non-directory files
xfsrestore: 2716 directories and 23656 entries processed
xfsrestore: directory post-processing
xfsrestore: restoring non-directory files
xfsdump: ending media file
xfsdump: media file size 784063160 bytes
xfsdump: dump size (non-dir files) : 770870840 bytes
xfsdump: dump complete: 9 seconds elapsed
xfsdump: Dump Status: SUCCESS
xfsrestore: restore complete: 9 seconds elapsed
xfsrestore: Restore Status: SUCCESS
[root@lvm vagrant]# ls /mnt
bin  boot  dev  etc  home  lib  lib64  media  mnt  opt  proc  root  run  sbin  srv  sys  tmp  usr  vagrant  var
[root@lvm vagrant]# for i in /proc/ /sys/ /dev/ /run/ /boot/; do mount --bind $i /mnt/$i; done
[root@lvm vagrant]# chroot /mnt/
[root@lvm /]# grub2-mkconfig -o /boot/grub2/grub.cfg
Generating grub configuration file ...
Found linux image: /boot/vmlinuz-3.10.0-862.2.3.el7.x86_64
Found initrd image: /boot/initramfs-3.10.0-862.2.3.el7.x86_64.img
done
[root@lvm /]# cd /boot ; for i in `ls initramfs-*img`; do dracut -v $i `echo $i|sed "s/initramfs-//g;
> s/.img//g"` --force; done
Executing: /sbin/dracut -v initramfs-3.10.0-862.2.3.el7.x86_64.img 3.10.0-862.2.3.el7.x86_64 --force
dracut module 'busybox' will not be installed, because command 'busybox' could not be found!
dracut module 'crypt' will not be installed, because command 'cryptsetup' could not be found!
dracut module 'dmraid' will not be installed, because command 'dmraid' could not be found!
dracut module 'dmsquash-live-ntfs' will not be installed, because command 'ntfs-3g' could not be found!
dracut module 'multipath' will not be installed, because command 'multipath' could not be found!
dracut module 'busybox' will not be installed, because command 'busybox' could not be found!
dracut module 'crypt' will not be installed, because command 'cryptsetup' could not be found!
dracut module 'dmraid' will not be installed, because command 'dmraid' could not be found!
dracut module 'dmsquash-live-ntfs' will not be installed, because command 'ntfs-3g' could not be found!
dracut module 'multipath' will not be installed, because command 'multipath' could not be found!
*** Including module: bash ***
*** Including module: nss-softokn ***
*** Including module: i18n ***
*** Including module: drm ***
*** Including module: plymouth ***
*** Including module: dm ***
Skipping udev rule: 64-device-mapper.rules
Skipping udev rule: 60-persistent-storage-dm.rules
Skipping udev rule: 55-dm.rules
*** Including module: kernel-modules ***
Omitting driver floppy
*** Including module: lvm ***
Skipping udev rule: 64-device-mapper.rules
Skipping udev rule: 56-lvm.rules
Skipping udev rule: 60-persistent-storage-lvm.rules
*** Including module: qemu ***
*** Including module: resume ***
*** Including module: rootfs-block ***
*** Including module: terminfo ***
*** Including module: udev-rules ***
Skipping udev rule: 40-redhat-cpu-hotplug.rules
Skipping udev rule: 91-permissions.rules
*** Including module: biosdevname ***
*** Including module: systemd ***
*** Including module: usrmount ***
*** Including module: base ***
*** Including module: fs-lib ***
*** Including module: shutdown ***
*** Including modules done ***
*** Installing kernel module dependencies and firmware ***
*** Installing kernel module dependencies and firmware done ***
*** Resolving executable dependencies ***
*** Resolving executable dependencies done***
*** Hardlinking files ***
*** Hardlinking files done ***
*** Stripping files ***
*** Stripping files done ***
*** Generating early-microcode cpio image contents ***
*** Constructing AuthenticAMD.bin ****
*** No early-microcode cpio image needed ***
*** Store current command line parameters ***
*** Creating image file ***
*** Creating image file done ***
*** Creating initramfs image file '/boot/initramfs-3.10.0-862.2.3.el7.x86_64.img' done ***
[root@lvm boot]# cat /boot/grub2/grub.cfg
#
# DO NOT EDIT THIS FILE
#
# It is automatically generated by grub2-mkconfig using templates
# from /etc/grub.d and settings from /etc/default/grub
#

### BEGIN /etc/grub.d/00_header ###
set pager=1

if [ -s $prefix/grubenv ]; then
  load_env
fi
if [ "${next_entry}" ] ; then
   set default="${next_entry}"
   set next_entry=
   save_env next_entry
   set boot_once=true
else
   set default="${saved_entry}"
fi

if [ x"${feature_menuentry_id}" = xy ]; then
  menuentry_id_option="--id"
else
  menuentry_id_option=""
fi

export menuentry_id_option

if [ "${prev_saved_entry}" ]; then
  set saved_entry="${prev_saved_entry}"
  save_env saved_entry
  set prev_saved_entry=
  save_env prev_saved_entry
  set boot_once=true
fi

function savedefault {
  if [ -z "${boot_once}" ]; then
    saved_entry="${chosen}"
    save_env saved_entry
  fi
}

function load_video {
  if [ x$feature_all_video_module = xy ]; then
    insmod all_video
  else
    insmod efi_gop
    insmod efi_uga
    insmod ieee1275_fb
    insmod vbe
    insmod vga
    insmod video_bochs
    insmod video_cirrus
  fi
}

terminal_output console
if [ x$feature_timeout_style = xy ] ; then
  set timeout_style=menu
  set timeout=1
# Fallback normal timeout code in case the timeout_style feature is
# unavailable.
else
  set timeout=1
fi
### END /etc/grub.d/00_header ###

### BEGIN /etc/grub.d/00_tuned ###
set tuned_params=""
set tuned_initrd=""
### END /etc/grub.d/00_tuned ###

### BEGIN /etc/grub.d/01_users ###
if [ -f ${prefix}/user.cfg ]; then
  source ${prefix}/user.cfg
  if [ -n "${GRUB2_PASSWORD}" ]; then
    set superusers="root"
    export superusers
    password_pbkdf2 root ${GRUB2_PASSWORD}
  fi
fi
### END /etc/grub.d/01_users ###

### BEGIN /etc/grub.d/10_linux ###
menuentry 'CentOS Linux (3.10.0-862.2.3.el7.x86_64) 7 (Core)' --class centos --class gnu-linux --class gnu --class os --unrestricted $menuentry_id_option 'gnulinux-3.10.0-862.2.3.el7.x86_64-advanced-46aa230c-8c25-40cb-ab18-00fea6315bbf' {
	load_video
	set gfxpayload=keep
	insmod gzio
	insmod part_msdos
	insmod xfs
	set root='hd0,msdos2'
	if [ x$feature_platform_search_hint = xy ]; then
	  search --no-floppy --fs-uuid --set=root --hint-bios=hd0,msdos2 --hint-efi=hd0,msdos2 --hint-baremetal=ahci0,msdos2  570897ca-e759-4c81-90cf-389da6eee4cc
	else
	  search --no-floppy --fs-uuid --set=root 570897ca-e759-4c81-90cf-389da6eee4cc
	fi
	linux16 /vmlinuz-3.10.0-862.2.3.el7.x86_64 root=/dev/mapper/vg_root-lv_root ro no_timer_check console=tty0 console=ttyS0,115200n8 net.ifnames=0 biosdevname=0 elevator=noop crashkernel=auto rd.lvm.lv=VolGroup00/LogVol00 rd.lvm.lv=VolGroup00/LogVol01 rhgb quiet 
	initrd16 /initramfs-3.10.0-862.2.3.el7.x86_64.img
}
if [ "x$default" = 'CentOS Linux (3.10.0-862.2.3.el7.x86_64) 7 (Core)' ]; then default='Advanced options for CentOS Linux>CentOS Linux (3.10.0-862.2.3.el7.x86_64) 7 (Core)'; fi;
### END /etc/grub.d/10_linux ###

### BEGIN /etc/grub.d/20_linux_xen ###
### END /etc/grub.d/20_linux_xen ###

### BEGIN /etc/grub.d/20_ppc_terminfo ###
### END /etc/grub.d/20_ppc_terminfo ###

### BEGIN /etc/grub.d/30_os-prober ###
### END /etc/grub.d/30_os-prober ###

### BEGIN /etc/grub.d/40_custom ###
# This file provides an easy way to add custom menu entries.  Simply type the
# menu entries you want to add after this comment.  Be careful not to change
# the 'exec tail' line above.
### END /etc/grub.d/40_custom ###

### BEGIN /etc/grub.d/41_custom ###
if [ -f  ${config_directory}/custom.cfg ]; then
  source ${config_directory}/custom.cfg
elif [ -z "${config_directory}" -a -f  $prefix/custom.cfg ]; then
  source $prefix/custom.cfg;
fi
### END /etc/grub.d/41_custom ###
[root@lvm boot]# vi /boot/grub2/grub.cfg
[root@lvm boot]# reboot
Running in chroot, ignoring request.
[root@lvm boot]# exit
[root@lvm vagrant]# reboot
Connection to 127.0.0.1 closed by remote host.
Connection to 127.0.0.1 closed.
egor@acer:~/OTUS/LVM_hw3$ vagrant ssh
Last login: Sat Feb 12 05:36:48 2022 from 10.0.2.2
[vagrant@lvm ~]$ sudo su
[root@lvm vagrant]# lsblk
NAME                    MAJ:MIN RM  SIZE RO TYPE MOUNTPOINT
sda                       8:0    0   40G  0 disk 
├─sda1                    8:1    0    1M  0 part 
├─sda2                    8:2    0    1G  0 part /boot
└─sda3                    8:3    0   39G  0 part 
  ├─VolGroup00-LogVol01 253:1    0  1.5G  0 lvm  [SWAP]
  └─VolGroup00-LogVol00 253:2    0 37.5G  0 lvm  
sdb                       8:16   0   10G  0 disk 
└─vg_root-lv_root       253:0    0   10G  0 lvm  /
sdc                       8:32   0    2G  0 disk 
sdd                       8:48   0    1G  0 disk 
sde                       8:64   0    1G  0 disk 
[root@lvm vagrant]#  lvremove /dev/VolGroup00/LogVol00
Do you really want to remove active logical volume VolGroup00/LogVol00? [y/n]: y
  Logical volume "LogVol00" successfully removed
[root@lvm vagrant]# lvcreate -n VolGroup00/LogVol00 -L 8G /dev/VolGroup00
WARNING: xfs signature detected on /dev/VolGroup00/LogVol00 at offset 0. Wipe it? [y/n]: y
  Wiping xfs signature on /dev/VolGroup00/LogVol00.
  Logical volume "LogVol00" created.
[root@lvm vagrant]# mkfs.xfs /dev/VolGroup00/LogVol00
meta-data=/dev/VolGroup00/LogVol00 isize=512    agcount=4, agsize=524288 blks
         =                       sectsz=512   attr=2, projid32bit=1
         =                       crc=1        finobt=0, sparse=0
data     =                       bsize=4096   blocks=2097152, imaxpct=25
         =                       sunit=0      swidth=0 blks
naming   =version 2              bsize=4096   ascii-ci=0 ftype=1
log      =internal log           bsize=4096   blocks=2560, version=2
         =                       sectsz=512   sunit=0 blks, lazy-count=1
realtime =none                   extsz=4096   blocks=0, rtextents=0
[root@lvm vagrant]# mount /dev/VolGroup00/LogVol00 /mnt
[root@lvm vagrant]# xfsdump -J - /dev/vg_root/lv_root | xfsrestore -J - /mnt
xfsrestore: using file dump (drive_simple) strategy
xfsrestore: version 3.1.7 (dump format 3.0)
xfsdump: using file dump (drive_simple) strategy
xfsdump: version 3.1.7 (dump format 3.0)
xfsdump: level 0 dump of lvm:/
xfsdump: dump date: Sat Feb 12 06:15:34 2022
xfsdump: session id: cc0adf7e-65eb-4b89-ad05-2fa653c342fd
xfsdump: session label: ""
xfsrestore: searching media for dump
xfsdump: ino map phase 1: constructing initial dump list
xfsdump: ino map phase 2: skipping (no pruning necessary)
xfsdump: ino map phase 3: skipping (only one dump stream)
xfsdump: ino map construction complete
xfsdump: estimated dump size: 807774016 bytes
xfsdump: creating dump session media file 0 (media 0, file 0)
xfsdump: dumping ino map
xfsdump: dumping directories
xfsrestore: examining media file 0
xfsrestore: dump description: 
xfsrestore: hostname: lvm
xfsrestore: mount point: /
xfsrestore: volume: /dev/mapper/vg_root-lv_root
xfsrestore: session time: Sat Feb 12 06:15:34 2022
xfsrestore: level: 0
xfsrestore: session label: ""
xfsrestore: media label: ""
xfsrestore: file system id: 46aa230c-8c25-40cb-ab18-00fea6315bbf
xfsrestore: session id: cc0adf7e-65eb-4b89-ad05-2fa653c342fd
xfsrestore: media id: 4f57404a-520f-4aa0-b54f-a5c5f2e03dd1
xfsrestore: searching media for directory dump
xfsrestore: reading directories
xfsdump: dumping non-directory files
xfsrestore: 2759 directories and 23804 entries processed
xfsrestore: directory post-processing
xfsrestore: restoring non-directory files
xfsdump: ending media file
xfsdump: media file size 784623872 bytes
xfsdump: dump size (non-dir files) : 771334920 bytes
xfsdump: dump complete: 8 seconds elapsed
xfsdump: Dump Status: SUCCESS
xfsrestore: restore complete: 8 seconds elapsed
xfsrestore: Restore Status: SUCCESS
[root@lvm vagrant]# for i in /proc/ /sys/ /dev/ /run/ /boot/; do mount --bind $i /mnt/$i; done
[root@lvm vagrant]# chroot /mnt/
[root@lvm /]# grub2-mkconfig -o /boot/grub2/grub.cfg
Generating grub configuration file ...
Found linux image: /boot/vmlinuz-3.10.0-862.2.3.el7.x86_64
Found initrd image: /boot/initramfs-3.10.0-862.2.3.el7.x86_64.img
done
[root@lvm /]#  cd /boot ; for i in `ls initramfs-*img`; do dracut -v $i `echo $i|sed "s/initramfs-//g;
> s/.img//g"` --force; done
Executing: /sbin/dracut -v initramfs-3.10.0-862.2.3.el7.x86_64.img 3.10.0-862.2.3.el7.x86_64 --force
dracut module 'busybox' will not be installed, because command 'busybox' could not be found!
dracut module 'crypt' will not be installed, because command 'cryptsetup' could not be found!
dracut module 'dmraid' will not be installed, because command 'dmraid' could not be found!
dracut module 'dmsquash-live-ntfs' will not be installed, because command 'ntfs-3g' could not be found!
dracut module 'multipath' will not be installed, because command 'multipath' could not be found!
dracut module 'busybox' will not be installed, because command 'busybox' could not be found!
dracut module 'crypt' will not be installed, because command 'cryptsetup' could not be found!
dracut module 'dmraid' will not be installed, because command 'dmraid' could not be found!
dracut module 'dmsquash-live-ntfs' will not be installed, because command 'ntfs-3g' could not be found!
dracut module 'multipath' will not be installed, because command 'multipath' could not be found!
*** Including module: bash ***
*** Including module: nss-softokn ***
*** Including module: i18n ***
*** Including module: drm ***
*** Including module: plymouth ***
*** Including module: dm ***
Skipping udev rule: 64-device-mapper.rules
Skipping udev rule: 60-persistent-storage-dm.rules
Skipping udev rule: 55-dm.rules
*** Including module: kernel-modules ***
Omitting driver floppy
*** Including module: lvm ***
Skipping udev rule: 64-device-mapper.rules
Skipping udev rule: 56-lvm.rules
Skipping udev rule: 60-persistent-storage-lvm.rules
*** Including module: qemu ***
*** Including module: resume ***
*** Including module: rootfs-block ***
*** Including module: terminfo ***
*** Including module: udev-rules ***
Skipping udev rule: 40-redhat-cpu-hotplug.rules
Skipping udev rule: 91-permissions.rules
*** Including module: biosdevname ***
*** Including module: systemd ***
*** Including module: usrmount ***
*** Including module: base ***
*** Including module: fs-lib ***
*** Including module: shutdown ***
*** Including modules done ***
*** Installing kernel module dependencies and firmware ***
*** Installing kernel module dependencies and firmware done ***
*** Resolving executable dependencies ***
*** Resolving executable dependencies done***
*** Hardlinking files ***
*** Hardlinking files done ***
*** Stripping files ***
*** Stripping files done ***
*** Generating early-microcode cpio image contents ***
*** Constructing AuthenticAMD.bin ****
*** No early-microcode cpio image needed ***
*** Store current command line parameters ***
*** Creating image file ***
*** Creating image file done ***
*** Creating initramfs image file '/boot/initramfs-3.10.0-862.2.3.el7.x86_64.img' done ***
[root@lvm boot]# pvcreate /dev/sdc /dev/sdd
  Physical volume "/dev/sdc" successfully created.
  Physical volume "/dev/sdd" successfully created.
[root@lvm boot]# vgcreate vg_var /dev/sdc /dev/sdd
  Volume group "vg_var" successfully created
[root@lvm boot]# lvcreate -L 950M -m1 -n lv_var vg_var
  Rounding up size to full physical extent 952.00 MiB
  Logical volume "lv_var" created.
[root@lvm boot]# mkfs.ext4 /dev/vg_var/lv_var
mke2fs 1.42.9 (28-Dec-2013)
Filesystem label=
OS type: Linux
Block size=4096 (log=2)
Fragment size=4096 (log=2)
Stride=0 blocks, Stripe width=0 blocks
60928 inodes, 243712 blocks
12185 blocks (5.00%) reserved for the super user
First data block=0
Maximum filesystem blocks=249561088
8 block groups
32768 blocks per group, 32768 fragments per group
7616 inodes per group
Superblock backups stored on blocks: 
	32768, 98304, 163840, 229376

Allocating group tables: done                            
Writing inode tables: done                            
Creating journal (4096 blocks): done
Writing superblocks and filesystem accounting information: done

[root@lvm boot]# mount /dev/vg_var/lv_var /mnt
[root@lvm boot]# cp -aR /var/* /mnt/ # rsync -avHPSAX /var/ /mnt/
[root@lvm boot]#  mkdir /tmp/oldvar && mv /var/* /tmp/oldvar
[root@lvm boot]# umount /mnt
[root@lvm boot]# mount /dev/vg_var/lv_var /var
[root@lvm boot]# echo "`blkid | grep var: | awk '{print $2}'` /var ext4 defaults 0 0" >> /etc/fstab
[root@lvm boot]# exit
[root@lvm vagrant]# reboot
Connection to 127.0.0.1 closed by remote host.
Connection to 127.0.0.1 closed.
egor@acer:~/OTUS/LVM_hw3$ vagrant ssh
[root@lvm vagrant]# lvremove /dev/vg_root/lv_root
Do you really want to remove active logical volume vg_root/lv_root? [y/n]: y
  Logical volume "lv_root" successfully removed
[root@lvm vagrant]# vgremove /dev/vg_root
  Volume group "vg_root" successfully removed
[root@lvm vagrant]# pvremove /dev/sdb
  Labels on physical volume "/dev/sdb" successfully wiped.
[root@lvm vagrant]#  lvcreate -n LogVol_Home -L 2G /dev/VolGroup00
  Logical volume "LogVol_Home" created.
[root@lvm vagrant]# mkfs.xfs /dev/VolGroup00/LogVol_Home
meta-data=/dev/VolGroup00/LogVol_Home isize=512    agcount=4, agsize=131072 blks
         =                       sectsz=512   attr=2, projid32bit=1
         =                       crc=1        finobt=0, sparse=0
data     =                       bsize=4096   blocks=524288, imaxpct=25
         =                       sunit=0      swidth=0 blks
naming   =version 2              bsize=4096   ascii-ci=0 ftype=1
log      =internal log           bsize=4096   blocks=2560, version=2
         =                       sectsz=512   sunit=0 blks, lazy-count=1
realtime =none                   extsz=4096   blocks=0, rtextents=0
[root@lvm vagrant]# mount /dev/VolGroup00/LogVol_Home /mnt/
[root@lvm vagrant]# cp -aR /home/* /mnt/ 
[root@lvm vagrant]# rm -rf /home/*
[root@lvm vagrant]# umount /mnt
[root@lvm vagrant]# mount /dev/VolGroup00/LogVol_Home /home/
[root@lvm vagrant]# echo "`blkid | grep Home | awk '{print $2}'` /home xfs defaults 0 0" >> /etc/fstab
[root@lvm vagrant]# touch /home/file{1..20}
[root@lvm vagrant]# lvcreate -L 100MB -s -n home_snap /dev/VolGroup00/LogVol_Home
  Rounding up size to full physical extent 128.00 MiB
  Logical volume "home_snap" created.
[root@lvm vagrant]#  rm -f /home/file{11..20}
[root@lvm vagrant]# umount /home
[root@lvm vagrant]# lvconvert --merge /dev/VolGroup00/home_snap
  Merging of volume VolGroup00/home_snap started.
  VolGroup00/LogVol_Home: Merged: 100.00%
[root@lvm vagrant]# mount /home
[root@lvm vagrant]# 

